2147483647 

Reversing: 
2147483647 

Sorting: 
2147483647 

Uniquing: 
2147483647 

Clearing: 

