2147483647 4 4 4 4 3 3 3 2 2 2 1 1 0 -1 -1 -2 -2 -2 -3 -3 -3 -3 -4 -4 -4 -4 

Reversing: 
-4 -4 -4 -4 -3 -3 -3 -3 -2 -2 -2 -1 -1 0 1 1 2 2 2 3 3 3 4 4 4 4 2147483647 

Sorting: 
-4 -4 -4 -4 -3 -3 -3 -3 -2 -2 -2 -1 -1 0 1 1 2 2 2 3 3 3 4 4 4 4 2147483647 

Uniquing: 
-4 -3 -2 -1 0 1 2 3 4 2147483647 

Clearing: 

