-21 -3 0 0 0 0 0 0 -4 1 1 1 -3 2 -1 0 1 

Reversing: 
1 0 -1 2 -3 1 1 1 -4 0 0 0 0 0 0 -3 -21 

Sorting: 
-21 -4 -3 -3 -1 0 0 0 0 0 0 0 1 1 1 1 2 

Uniquing: 
-21 -4 -3 -1 0 1 2 

Clearing: 

