2147483647 -100 

Reversing: 
-100 2147483647 

Sorting: 
-100 2147483647 

Uniquing: 
-100 2147483647 

Clearing: 

