2147483647 -10 9 -8 7 -6 5 -4 3 -2 1 

Reversing: 
1 -2 3 -4 5 -6 7 -8 9 -10 2147483647 

Sorting: 
-10 -8 -6 -4 -2 1 3 5 7 9 2147483647 

Uniquing: 
-10 -8 -6 -4 -2 1 3 5 7 9 2147483647 

Clearing: 

