-1 -1 -1 -1 -1 -1 -1 -1 -1 2147483647 -1 -1 -1 -1 -1 -1 

Reversing: 
-1 -1 -1 -1 -1 -1 2147483647 -1 -1 -1 -1 -1 -1 -1 -1 -1 

Sorting: 
-1 -1 -1 -1 -1 -1 -1 -1 -1 -1 -1 -1 -1 -1 -1 2147483647 

Uniquing: 
-1 2147483647 

Clearing: 

