AddToFront : List1 ( 1 nodes):   21
AddToEnd   : List1 ( 2 nodes):   21  94
Find       : Value 21 was found in List1.
Find       : Value 1 was not found in List1.
Find       : Value 94 was found in List1.
Delete     : List1 ( 1 nodes):   21
Delete     : List1 ( 1 nodes):   21
Delete     : List1 ( 1 nodes):   21
Concatenate: 
List1 ( 1 nodes):   21
List2 ( 0 nodes): 
