AddToFront : List1 ( 1 nodes):   21
AddToEnd   : List1 ( 2 nodes):   21  94
Find       : Value 21 was found in List1.
Find       : Value 1 was not found in List1.
Find       : Value 94 was found in List1.
Delete     : List1 ( 1 nodes):   21
Delete     : List1 ( 1 nodes):   21
Delete     : List1 ( 1 nodes):   21
Delete     : List1 ( 0 nodes): 
AddToFront : List2 ( 1 nodes):   10
AddToEnd   : List2 ( 2 nodes):   10  10
Find       : Value 10 was found in List2.
Delete     : List2 ( 1 nodes):   10
Delete     : List2 ( 0 nodes): 
Insert     : List2 ( 1 nodes):   10
Insert     : List2 ( 2 nodes):   10  10
Insert     : List2 ( 3 nodes):   10  10  10
Concatenate: 
List1 ( 3 nodes):   10  10  10
List2 ( 0 nodes): 
